<html>
  <head>
    <style></style>
  </head>
  <body>
    <article id="dlo-is-foo-and-dlu-is-bar">
      <h1>dlo is foo and dlu is bar.</h1>
    </article>
  </body>
</html>
