<html>
  <head>
    <style></style>
  </head>
  <body>
    <article id="bla-is-foo-and-bli-is-bar">
      <h1>bla is foo and bli is bar.</h1>
    </article>
  </body>
</html>
