# ReScript executes Mustache using json data.

# just do it

# my name is Joe

# Blackworm

A blackworm is a blackworm.

