# ReScript executes Mustache using yaml data.

# just  it

# my name is 

# Blackworm

A blackworm is a blackworm.

