<html>
  <head>
    <style>
      h1 {
        color: green;
      }
    </style>
  </head>
  <body></body>
</html>

